// Jest Snapshot v1, https://goo.gl/fbAQLP

exports[`Tooltip 1`] = `
<span>
  target
</span>
`;

exports[`Tooltip with disabled 1`] = `
<span>
  target
</span>
`;

exports[`Tooltip with fade 1`] = `
<span>
  target
</span>
`;

exports[`Tooltip without placement 1`] = `
<span>
  target
</span>
`;
