// Jest Snapshot v1, https://goo.gl/fbAQLP

exports[`Tooltip 1`] = `
<div>
  target
</div>
`;

exports[`Tooltip with fade 1`] = `
<div>
  target
</div>
`;

exports[`Tooltip without placement 1`] = `
<div>
  target
</div>
`;
